GAS LISTING C:\Users\Lenovo\AppData\Local\Temp\cc3JSiyK.s 			page 1


   1              	# 0 "./progs/eg0417.S"
   2              	# 1 "G:\\MLL\\姹囩紪璇█\\鏁板瓧鍖栨暀鏉怽\绔犺妭\\鍒濈ǹv2\\ZZUGAS//"
   3              	# 0 "<built-in>"
   4              	# 0 "<command-line>"
   5              	# 1 "./progs/eg0417.S"
   6              	.intel_syntax noprefix #采用Intel语法，面向X86处理器时使用
   7              	 .data #定义数据段
   8 0000 78563492 	 var: .long 0x92345678
   9              	 # 数据定义（数据待填）
  10 0004 00000000 	 .text #定义代码段
  10      00000000 
  10      00000000 
  11              	        .globl main
  12              	main: # 程序执行起始位置
  13 0000 8B050000 	 mov eax,var[rip]
  13      0000
  14 0006 E8000000 	 call disphd #十六进制形式显示：64
  14      00
  15 000b E8000000 	 call dispcrlf #回车换行（用于分隔）
  15      00
  16 0010 8B050000 	 mov eax,var[rip]
  16      0000
  17 0016 E8000000 	 call dispuid #十进制形式显示：100
  17      00
  18 001b E8000000 	 call dispcrlf #回车换行（用于分隔）
  18      00
  19 0020 8B050000 	 mov eax,var[rip]
  19      0000
  20 0026 E8000000 	 call dispsid #十进制形式显示：100
  20      00
  21 002b E8000000 	 call dispcrlf #回车换行（用于分隔）
  21      00
  22 0030 8A050000 	 mov al,byte ptr var[rip]
  22      0000
  23 0036 E8000000 	 call dispc #字符显示：d
  23      00
  24              	
  25              	
  26 003b B8000000 	    mov eax,0
  26      00
  27 0040 C3909090 	 ret # 程序正常执行结束
  27      90909090 
  27      90909090 
  27      90909090 
