GAS LISTING C:\Users\Lenovo\AppData\Local\Temp\ccXSFk53.s 			page 1


   1              	# 0 "./progs/eg0307.S"
   2              	# 1 "G:\\MLL\\姹囩紪璇█\\鏁板瓧鍖栨暀鏉怽\绔犺妭\\鍒濈ǹv2\\ZZUGAS//"
   3              	# 0 "<built-in>"
   4              	# 0 "<command-line>"
   5              	# 1 "./progs/eg0307.S"
   6              	
   7              	.intel_syntax noprefix #采用Intel语法，面向X86处理器时使用
   8              	 .data #定义数据段
   9 0000 78563412 	    x: .long 0x12345678,0x9ABCDEF0,0x56789ABCDE
****  Warning: value 0x56789abcde truncated to 0x789abcde
   9      F0DEBC9A 
   9      DEBC9A78 
  10              	
  11 000c 00000000 	 .text #定义代码段
  12              	        .globl main
  13              	main: # 程序执行起始位置
  14              	
  15 0000 488D0500 	    lea rax,x[rip]
  15      000000
  16 0007 48C7C304 	    mov rbx,4
  16      000000
  17 000e 8B5C1802 	    mov ebx,[rax+rbx+2]
  18 0012 89D8     	    mov eax, ebx
  19 0014 E8000000 	    call disphd
  19      00
  20 0019 E8000000 	    call dispcrlf
  20      00
  21              	
  22 001e 488D0500 	    lea rax,x[rip]
  22      000000
  23 0025 48C7C304 	    mov rbx,4
  23      000000
  24 002c 8B5C1804 	    mov ebx,[rax+rbx+4]
  25 0030 89D8     	    mov eax, ebx
  26 0032 E8000000 	    call disphd
  26      00
  27 0037 E8000000 	    call dispcrlf
  27      00
  28              	
  29              	    #主程序（指令待填）
  30 003c B8000000 	    mov eax,0
  30      00
  31 0041 C3909090 	 ret # 程序正常执行结束
  31      90909090 
  31      90909090 
  31      909090
