GAS LISTING C:\Users\Lenovo\AppData\Local\Temp\cctNWb1b.s 			page 1


   1              	# 0 "./progs/eg0304.S"
   2              	# 1 "G:\\MLL\\姹囩紪璇█\\鏁板瓧鍖栨暀鏉怽\绔犺妭\\鍒濈ǹv2\\ZZUGAS//"
   3              	# 0 "<built-in>"
   4              	# 0 "<command-line>"
   5              	# 1 "./progs/eg0304.S"
   6              	
   7              	.intel_syntax noprefix #采用Intel语法，面向X86处理器时使用
   8              	 .data #定义数据段
   9 0000 78563412 	    x: .long 0x12345678,0x9ABCDEF0
   9      F0DEBC9A 
  10 0008 65666665 	   msg: .ascii "effect address of x = "
  10      63742061 
  10      64647265 
  10      7373206F 
  10      66207820 
  11 001e 0000     	 .text #定义代码段
  12              	        .globl main
  13              	main: # 程序执行起始位置
  14 0000 488D0508 	    lea rax,msg[rip]
  14      000000
  15 0007 E8000000 	    call dispmsg
  15      00
  16 000c E8000000 	    call dispcrlf
  16      00
  17              	
  18 0011 488D0500 	    lea rax,x[rip]
  18      000000
  19 0018 E8000000 	    call disphx
  19      00
  20 001d E8000000 	    call dispcrlf
  20      00
  21              	
  22 0022 488D0500 	    lea rax,x[rip]
  22      000000
  23 0029 8A18     	    mov bl, [rax]
  24 002b 88D8     	    mov al, bl
  25 002d E8000000 	    call disphb
  25      00
  26 0032 E8000000 	    call dispcrlf
  26      00
  27              	
  28 0037 488D0500 	    lea rax,x[rip]
  28      000000
  29 003e 668B18   	    mov bx, [rax]
  30 0041 6689D8   	    mov ax, bx
  31 0044 E8000000 	    call disphw
  31      00
  32 0049 E8000000 	    call dispcrlf
  32      00
  33              	
  34 004e 488D0500 	    lea rax,x[rip]
  34      000000
  35 0055 8B18     	    mov ebx,[rax]
  36 0057 89D8     	    mov eax, ebx
  37 0059 E8000000 	    call disphd
  37      00
  38 005e E8000000 	    call dispcrlf
GAS LISTING C:\Users\Lenovo\AppData\Local\Temp\cctNWb1b.s 			page 2


  38      00
  39              	
  40 0063 488D0500 	    lea rax,x[rip]
  40      000000
  41 006a 488B18   	    mov rbx,QWORD ptr [rax]
  42 006d 4889D8   	    mov rax, rbx
  43 0070 E8000000 	    call disphx
  43      00
  44 0075 E8000000 	    call dispcrlf
  44      00
  45              	
  46              	    #主程序（指令待填）
  47 007a B8000000 	    mov eax,0
  47      00
  48 007f C3       	 ret # 程序正常执行结束
