GAS LISTING C:\Users\Lenovo\AppData\Local\Temp\ccrLG47t.s 			page 1


   1              	# 0 "./progs/eg0414.S"
   2              	# 1 "G:\\MLL\\Ê±áÁºñËØ≠Ë®Ä\\Êï∞Â≠óÂåñÊïôÊùê\\Á´†ËäÇ\\ÂàùÁ®øv2\\ZZUGAS//"
   3              	# 0 "<built-in>"
   4              	# 0 "<command-line>"
   5              	# 1 "./progs/eg0414.S"
   6              	
   7              	        .intel_syntax noprefix
   8              	
   9              	        .section .data
  10              	        .section .text
  11              	        .globl main
  12              	        main:
  13 0000 B89CFFFF 	        mov eax, -100
  13      FF
  14              	        #CDQ
  15 0005 BA000000 	        mov edx,0
  15      00
  16 000a BB0A0000 	        mov ebx, 10
  16      00
  17              	        #idiv ebx
  18              	
  19 000f F7F3     	        div ebx
  20              	
  21 0011 52       	        push rdx
  22 0012 9C       	        pushfq
  23 0013 E8000000 	        call dispuid
  23      00
  24 0018 E8000000 	        call dispcrlf
  24      00
  25              	
  26 001d 58       	       pop rax
  27              	
  28              	
  29 001e E8000000 	        call disphd
  29      00
  30 0023 E8000000 	        call dispcrlf
  30      00
  31              	
  32              	
  33 0028 5A       	        pop rdx
  34 0029 89D0     	        mov eax, edx
  35 002b E8000000 	        call disphd
  35      00
  36 0030 E8000000 	        call dispcrlf
  36      00
  37              	
  38              	
  39              	
  40              	        #∑µªÿ÷µ
  41 0035 31C0     	       xor eax,eax #∑µªÿ0
  42 0037 C3909090 	       ret
  42      90909090 
  42      90
