GAS LISTING C:\Users\Lenovo\AppData\Local\Temp\ccg2TWDb.s 			page 1


   1              	# 0 "./progs/eg0404.S"
   2              	# 1 "G:\\MLL\\Ê±áÁºñËØ≠Ë®Ä\\Êï∞Â≠óÂåñÊïôÊùê\\Á´†ËäÇ\\ÂàùÁ®øv2\\ZZUGAS//"
   3              	# 0 "<built-in>"
   4              	# 0 "<command-line>"
   5              	# 1 "./progs/eg0404.S"
   6              	
   7              	        .intel_syntax noprefix
   8              	
   9              	        .section .data
  10              	
  11              	        .section .text
  12              	        .globl main
  13              	        main:
  14 0000 B007     	        mov al,0x7
  15 0002 04FB     	        add al, 0xfb
  16 0004 9C       	        pushf
  17 0005 E8000000 	        call disphb
  17      00
  18 000a E8000000 	        call dispcrlf
  18      00
  19 000f 58       	        pop rax
  20 0010 E8000000 	        call disphd
  20      00
  21 0015 E8000000 	        call disprf
  21      00
  22 001a E8000000 	        call dispcrlf
  22      00
  23              	
  24 001f B8000001 	        mov eax, 0x10000
  24      00
  25 0024 05000002 	        add eax, 0x20000
  25      00
  26 0029 9C       	        pushf
  27 002a E8000000 	        call disphd
  27      00
  28 002f E8000000 	        call dispcrlf
  28      00
  29 0034 58       	        pop rax
  30 0035 E8000000 	        call disprf
  30      00
  31              	
  32              	        #∑µªÿ÷µ
  33 003a 31C0     	       xor eax,eax #∑µªÿ0
  34 003c C3909090 	       ret
