GAS LISTING C:\Users\Lenovo\AppData\Local\Temp\cc1DNVXp.s 			page 1


   1              	# 0 "./progs/eg0411.S"
   2              	# 1 "G:\\MLL\\Ê±áÁºñËØ≠Ë®Ä\\Êï∞Â≠óÂåñÊïôÊùê\\Á´†ËäÇ\\ÂàùÁ®øv2\\ZZUGAS//"
   3              	# 0 "<built-in>"
   4              	# 0 "<command-line>"
   5              	# 1 "./progs/eg0411.S"
   6              	
   7              	        .intel_syntax noprefix
   8              	
   9              	        .section .data
  10              	
  11              	        .section .text
  12              	        .globl main
  13              	        main:
  14 0000 B89CFFFF 	        mov eax, -100
  14      FF
  15 0005 E8000000 	        call disphd
  15      00
  16 000a E8000000 	        call dispcrlf
  16      00
  17              	
  18              	
  19 000f B89CFFFF 	        mov eax, -100
  19      FF
  20 0014 F7D8     	        neg eax
  21 0016 E8000000 	        call disphd
  21      00
  22              	
  23              	
  24              	        #∑µªÿ÷µ
  25 001b 31C0     	       xor eax,eax #∑µªÿ0
  26 001d C39090   	       ret
