GAS LISTING C:\Users\Lenovo\AppData\Local\Temp\cc2UkhGE.s 			page 1


   1              	# 0 "./progs/eg0512.S"
   2              	# 1 "G:\\MLL\\姹囩紪璇█\\鏁板瓧鍖栨暀鏉怽\绔犺妭\\鍒濈ǹv2\\ZZUGAS//"
   3              	# 0 "<built-in>"
   4              	# 0 "<command-line>"
   5              	# 1 "./progs/eg0512.S"
   6              	#eg0512.s
   7              	.intel_syntax noprefix #采用Intel语法，面向X86处理器时使用
   8              	 .data #定义数据段
   9 0000 00000000 	 N: .long 0
  10 0004 6F766572 	 error: .ascii "overflower\n"
  10      666C6F77 
  10      65720A
  11 000f 00       	       .byte 0
  12              	 .text #定义代码段
  13              	        .globl main
  14              	main: # 程序执行起始位置
  15 0000 B8010000 	 mov eax, 1
  15      00
  16 0005 8B0D0000 	 mov ecx, N[rip]
  16      0000
  17 000b 83F900   	      cmp ecx, 0
  18 000e 7411     	      jz L1
  19 0010 0FAFC1   	again: imul eax, ecx
  20 0013 83F800   	 cmp eax,0
  21 0016 7809     	 js L1
  22 0018 E2F6     	 loop again
  23 001a E8000000 	    call dispsid
  23      00
  24 001f EB0C     	    jmp L2
  25 0021 488D0504 	  L1: lea rax, error[rip]
  25      000000
  26 0028 E8000000 	  call dispmsg
  26      00
  27 002d B8000000 	 L2: mov eax,0
  27      00
  28 0032 C3909090 	 ret # 程序正常执行结束
  28      90909090 
  28      90909090 
  28      9090
