GAS LISTING C:\Users\Lenovo\AppData\Local\Temp\ccH8hbod.s 			page 1


   1              	# 0 "./progs/eg0523.S"
   2              	# 1 "G:\\MLL\\姹囩紪璇█\\鏁板瓧鍖栨暀鏉怽\绔犺妭\\鍒濈ǹv2\\ZZUGAS//"
   3              	# 0 "<built-in>"
   4              	# 0 "<command-line>"
   5              	# 1 "./progs/eg0523.S"
   6              	#eg0523.s
   7              	.intel_syntax noprefix #采用Intel语法，面向X86处理器时使用
   8              	 .data #定义数据段
   9 0000 00000000 	temp: .space 4 #共享变量
  10 0004 30313131 	Binstr: .asciz "01111111"
  10      31313131 
  10      00
  11 000d 000000   	 .text #定义代码段
  12              	    .globl main
  13              	main: # 程序执行起始位置mov ecx,count
  14 0000 488D1504 	 lea rdx, Binstr[rip] #入口参数rdx
  14      000000
  15 0007 E8110000 	 call BtoD
  15      00
  16 000c 8B050000 	 mov eax,temp[rip] #获得出口参数
  16      0000
  17 0012 E8000000 	 call disphd
  17      00
  18              	
  19 0017 B8000000 	 mov eax, 0
  19      00
  20 001c C3       	 ret
  21              	
  22              	 #子程序
  23              	BtoD: #二进制字符串转换为双字数值子程序
  24 001d 50       	 push rax #出口参数eax：共享变量TEMP
  25 001e 53       	 push rbx
  26 001f 51       	  push rcx
  27 0020 52       	  push rdx
  28              	
  29 0021 31DB     	 xor ebx,ebx #rbx用于存放二进制结果
  30 0023 B9200000 	 mov ecx,32 #限制最多字符的个数
  30      00
  31 0028 8A02     	L2: mov al,[rdx] #输入一个字符
  32 002a 3C00     	    cmp al,0
  33 002c 740B     	 jz L1 #字符串以0结尾
  34 002e 2C30     	 sub al,'0' #对输入的字符进行转化
  35 0030 D1E3     	 shl ebx,1 #EBX的值乘以2
  36 0032 08C3     	 or bl,al #BL和AL相加
  37 0034 48FFC2   	 inc rdx
  38 0037 E2EF     	 loop L2 #循环键入字符
  39 0039 891D0000 	L1: mov temp[rip],ebx #把EBX的二进制结果存放TEMP返回
  39      0000
  40              	
  41              	
  42              	
  43 003f 5A       	 pop rdx
  44 0040 59       	 pop rcx
  45 0041 5B       	 pop rbx
  46 0042 58       	 pop rax
  47 0043 C3909090 	 ret
  47      90909090 
GAS LISTING C:\Users\Lenovo\AppData\Local\Temp\ccH8hbod.s 			page 2


  47      90909090 
  47      90
