GAS LISTING C:\Users\Lenovo\AppData\Local\Temp\cc9IR0CO.s 			page 1


   1              	# 0 "./progs/eg0513.S"
   2              	# 1 "G:\\MLL\\姹囩紪璇█\\鏁板瓧鍖栨暀鏉怽\绔犺妭\\鍒濈ǹv2\\ZZUGAS//"
   3              	# 0 "<built-in>"
   4              	# 0 "<command-line>"
   5              	# 1 "./progs/eg0513.S"
   6              	# eg0513.s
   7              	.intel_syntax noprefix #采用Intel语法，面向X86处理器时使用
   8              	 .data #定义数据段
   9 0000 FDFFFFFF 	 array: .long -3,0,20,900,587,-632,777,234,-34,-56 #假设一个数组
   9      00000000 
   9      14000000 
   9      84030000 
   9      4B020000 
  10              	    .equ count, (. - array)/4 #数组的元素个数
  11 0028 00000000 	    max: .space 4 #存放最大值
  12              	
  13 002c 00000000 	 .text #定义代码段
  14              	        .globl main
  15              	main: # 程序执行起始位置
  16 0000 B9090000 	 mov ecx, count-1 #元素个数减1是循环次数
  16      00
  17 0005 488D3500 	 lea rsi, array[rip]
  17      000000
  18 000c 8B06     	 mov eax,[rsi] #取出第一个元素给EAX，用于暂存最大值
  19 000e 4883C604 	again: add rsi,4
  20 0012 3B06     	 cmp eax,[rsi] #与下一个数据比较
  21 0014 7D02     	 jge next #已经是较大值，继续下一个循环比较
  22 0016 8B06     	 mov eax,[rsi] #EAX取得更大的数据
  23 0018 E2F4     	next: loop again #计数循环
  24 001a 89052800 	 mov max[rip],eax #保存最大值
  24      0000
  25 0020 E8000000 	    call dispsid
  25      00
  26              	
  27 0025 B8000000 	      mov eax,0
  27      00
  28 002a C3909090 	 ret # 程序正常执行结束
  28      9090
