GAS LISTING C:\Users\Lenovo\AppData\Local\Temp\ccsVoVXc.s 			page 1


   1              	# 0 "./progs/eg0533.S"
   2              	# 0 "<built-in>"
   3              	# 0 "<command-line>"
   4              	# 1 "./progs/eg0533.S"
   5              	
   6              	.intel_syntax noprefix #采用Intel语法，面向X86处理器时使用
   7              	#宏定义
   8              	.macro maxnum dvar1,dvar2,dvar3
   9              	     mov eax,\dvar1
  10              	     cmp eax,\dvar2
  11              	     jge 1f
  12              	     mov eax,\dvar2
  13              	 1:
  14              	    .ifnb \dvar3 #当有DVAR3实参时，汇编如下语句
  15              	      cmp eax,\dvar3
  16              	      jge 2f
  17              	      mov eax,\dvar3
  18              	    .endif
  19              	     2:
  20              	     .endm
  21              	
  22              	 .text #代码段
  23              	 .globl main
  24              	main:
  25              	    maxnum 3,5
  25 0000 B8030000 	>  mov eax,3
  25      00
  25 0005 83F805   	>  cmp eax,5
  25 0008 7D05     	>  jge 1f
  25 000a B8050000 	>  mov eax,5
  25      00
  25              	>  1:
  25              	>  .ifnb
  25              	>  cmp eax,
  25              	>  jge 2f
  25              	>  mov eax,
  25              	>  .endif
  25              	>  2:
  26 000f E8000000 	 call disphd
  26      00
  27              	 maxnum 3,5,7
  27 0014 B8030000 	>  mov eax,3
  27      00
  27 0019 83F805   	>  cmp eax,5
  27 001c 7D05     	>  jge 1f
  27 001e B8050000 	>  mov eax,5
  27      00
  27              	>  1:
  27              	>  .ifnb 7
  27 0023 83F807   	>  cmp eax,7
  27 0026 7D05     	>  jge 2f
  27 0028 B8070000 	>  mov eax,7
  27      00
  27              	>  .endif
  27              	>  2:
  28 002d E8000000 	 call disphd
  28      00
GAS LISTING C:\Users\Lenovo\AppData\Local\Temp\ccsVoVXc.s 			page 2


  29              	
  30 0032 B8000000 	 mov eax, 0
  30      00
  31 0037 C3909090 	 ret
  31      90909090 
  31      90
